04-01-2024 14:18:02.651 [background-preinit] INFO 
				o.h.validator.internal.util.Version.<clinit> - HV000001: Hibernate Validator 6.2.5.Final
04-01-2024 14:18:02.662 [restartedMain] INFO 
				c.e.e.s.EmRaSubscriberApplication.logStarting - Starting EmRaSubscriberApplication using Java 1.8.0_202 on LAPCS115 with PID 6344 (D:\Projects\EMRA\emRASubscriber\emRASubscriber\target\classes started by 21403 in D:\Projects\EMRA\emRASubscriber\emRASubscriber)
04-01-2024 14:18:02.664 [restartedMain] INFO 
				c.e.e.s.EmRaSubscriberApplication.logStartupProfileInfo - No active profile set, falling back to 1 default profile: "default"
04-01-2024 14:18:02.749 [restartedMain] INFO 
				o.s.b.d.e.DevToolsPropertyDefaultsPostProcessor.logTo - Devtools property defaults active! Set 'spring.devtools.add-properties' to 'false' to disable
04-01-2024 14:18:02.749 [restartedMain] INFO 
				o.s.b.d.e.DevToolsPropertyDefaultsPostProcessor.logTo - For additional web related logging consider setting the 'logging.level.web' property to 'DEBUG'
04-01-2024 14:18:03.842 [restartedMain] INFO 
				o.s.d.r.c.RepositoryConfigurationDelegate.registerRepositoriesIn - Bootstrapping Spring Data JPA repositories in DEFAULT mode.
04-01-2024 14:18:04.012 [restartedMain] INFO 
				o.s.d.r.c.RepositoryConfigurationDelegate.registerRepositoriesIn - Finished Spring Data repository scanning in 154 ms. Found 13 JPA repository interfaces.
04-01-2024 14:18:05.431 [restartedMain] INFO 
				o.s.b.w.e.tomcat.TomcatWebServer.initialize - Tomcat initialized with port(s): 8080 (http)
04-01-2024 14:18:05.443 [restartedMain] INFO 
				o.a.coyote.http11.Http11NioProtocol.log - Initializing ProtocolHandler ["http-nio-8080"]
04-01-2024 14:18:05.446 [restartedMain] INFO 
				o.a.catalina.core.StandardService.log - Starting service [Tomcat]
04-01-2024 14:18:05.447 [restartedMain] INFO 
				o.a.catalina.core.StandardEngine.log - Starting Servlet engine: [Apache Tomcat/9.0.82]
04-01-2024 14:18:05.676 [restartedMain] INFO 
				o.a.c.c.C.[Tomcat].[localhost].[/].log - Initializing Spring embedded WebApplicationContext
04-01-2024 14:18:05.677 [restartedMain] INFO 
				o.s.b.w.s.c.ServletWebServerApplicationContext.prepareWebApplicationContext - Root WebApplicationContext: initialization completed in 2926 ms
04-01-2024 14:18:05.780 [restartedMain] WARN 
				o.s.b.w.s.c.AnnotationConfigServletWebServerApplicationContext.refresh - Exception encountered during context initialization - cancelling refresh attempt: org.springframework.beans.factory.UnsatisfiedDependencyException: Error creating bean with name 'dataSourceScriptDatabaseInitializer' defined in class path resource [org/springframework/boot/autoconfigure/sql/init/DataSourceInitializationConfiguration.class]: Unsatisfied dependency expressed through method 'dataSourceScriptDatabaseInitializer' parameter 0; nested exception is org.springframework.beans.factory.NoSuchBeanDefinitionException: No qualifying bean of type 'javax.sql.DataSource' available: expected at least 1 bean which qualifies as autowire candidate. Dependency annotations: {}
04-01-2024 14:18:05.784 [restartedMain] INFO 
				o.a.catalina.core.StandardService.log - Stopping service [Tomcat]
04-01-2024 14:18:05.811 [restartedMain] INFO 
				o.s.b.a.l.ConditionEvaluationReportLoggingListener.logMessage - 

Error starting ApplicationContext. To display the conditions report re-run your application with 'debug' enabled.
04-01-2024 14:18:05.848 [restartedMain] ERROR
				o.s.b.d.LoggingFailureAnalysisReporter.report - 

***************************
APPLICATION FAILED TO START
***************************

Description:

Parameter 0 of method dataSourceScriptDatabaseInitializer in org.springframework.boot.autoconfigure.sql.init.DataSourceInitializationConfiguration required a bean of type 'javax.sql.DataSource' that could not be found.

The following candidates were found but could not be injected:
	- User-defined bean method 'dataSource' in 'DBConfiguration' ignored as the bean value is null


Action:

Consider revisiting the entries above or defining a bean of type 'javax.sql.DataSource' in your configuration.

