07-11-2023 11:15:16.642 [background-preinit] INFO 
				o.h.validator.internal.util.Version.<clinit> - HV000001: Hibernate Validator 6.2.5.Final
07-11-2023 11:15:16.651 [restartedMain] INFO 
				c.e.e.s.EmRaSubscriberApplication.logStarting - Starting EmRaSubscriberApplication using Java 1.8.0_291 on LAPCS100 with PID 3000 (C:\workspace\springworkspace\emRA-SpringBoot-Base%20-%20EMRASBB\emRASubscriber\target\classes started by 21356 in C:\workspace\springworkspace\emRA-SpringBoot-Base%20-%20EMRASBB\emRASubscriber)
07-11-2023 11:15:16.652 [restartedMain] INFO 
				c.e.e.s.EmRaSubscriberApplication.logStartupProfileInfo - No active profile set, falling back to 1 default profile: "default"
07-11-2023 11:15:16.749 [restartedMain] INFO 
				o.s.b.d.e.DevToolsPropertyDefaultsPostProcessor.logTo - Devtools property defaults active! Set 'spring.devtools.add-properties' to 'false' to disable
07-11-2023 11:15:16.750 [restartedMain] INFO 
				o.s.b.d.e.DevToolsPropertyDefaultsPostProcessor.logTo - For additional web related logging consider setting the 'logging.level.web' property to 'DEBUG'
07-11-2023 11:15:17.974 [restartedMain] INFO 
				o.s.d.r.c.RepositoryConfigurationDelegate.registerRepositoriesIn - Bootstrapping Spring Data JPA repositories in DEFAULT mode.
07-11-2023 11:15:18.074 [restartedMain] INFO 
				o.s.d.r.c.RepositoryConfigurationDelegate.registerRepositoriesIn - Finished Spring Data repository scanning in 86 ms. Found 4 JPA repository interfaces.
07-11-2023 11:15:19.292 [restartedMain] INFO 
				o.s.b.w.e.tomcat.TomcatWebServer.initialize - Tomcat initialized with port(s): 8080 (http)
07-11-2023 11:15:19.303 [restartedMain] INFO 
				o.a.coyote.http11.Http11NioProtocol.log - Initializing ProtocolHandler ["http-nio-8080"]
07-11-2023 11:15:19.306 [restartedMain] INFO 
				o.a.catalina.core.StandardService.log - Starting service [Tomcat]
07-11-2023 11:15:19.307 [restartedMain] INFO 
				o.a.catalina.core.StandardEngine.log - Starting Servlet engine: [Apache Tomcat/9.0.82]
07-11-2023 11:15:19.469 [restartedMain] INFO 
				o.a.c.c.C.[Tomcat].[localhost].[/].log - Initializing Spring embedded WebApplicationContext
07-11-2023 11:15:19.470 [restartedMain] INFO 
				o.s.b.w.s.c.ServletWebServerApplicationContext.prepareWebApplicationContext - Root WebApplicationContext: initialization completed in 2719 ms
07-11-2023 11:15:19.604 [restartedMain] WARN 
				o.s.b.w.s.c.AnnotationConfigServletWebServerApplicationContext.refresh - Exception encountered during context initialization - cancelling refresh attempt: org.springframework.beans.factory.UnsatisfiedDependencyException: Error creating bean with name 'dataSourceScriptDatabaseInitializer' defined in class path resource [org/springframework/boot/autoconfigure/sql/init/DataSourceInitializationConfiguration.class]: Unsatisfied dependency expressed through method 'dataSourceScriptDatabaseInitializer' parameter 0; nested exception is org.springframework.beans.factory.NoSuchBeanDefinitionException: No qualifying bean of type 'javax.sql.DataSource' available: expected at least 1 bean which qualifies as autowire candidate. Dependency annotations: {}
07-11-2023 11:15:19.608 [restartedMain] INFO 
				o.a.catalina.core.StandardService.log - Stopping service [Tomcat]
07-11-2023 11:15:19.639 [restartedMain] INFO 
				o.s.b.a.l.ConditionEvaluationReportLoggingListener.logMessage - 

Error starting ApplicationContext. To display the conditions report re-run your application with 'debug' enabled.
07-11-2023 11:15:19.686 [restartedMain] ERROR
				o.s.b.d.LoggingFailureAnalysisReporter.report - 

***************************
APPLICATION FAILED TO START
***************************

Description:

Parameter 0 of method dataSourceScriptDatabaseInitializer in org.springframework.boot.autoconfigure.sql.init.DataSourceInitializationConfiguration required a bean of type 'javax.sql.DataSource' that could not be found.

The following candidates were found but could not be injected:
	- User-defined bean method 'dataSource' in 'DBConfiguration' ignored as the bean value is null


Action:

Consider revisiting the entries above or defining a bean of type 'javax.sql.DataSource' in your configuration.

